Microchip MPLAB XC8 Compiler V2.40

Linker command line:

-W-3 \
  --edf=C:\Program Files\Microchip\xc8\v2.40\pic\dat\20220703182018_en.msgs \
  -cn -h+dist/default/production\Desafio2_LCD.X.production.sym \
  --cmf=dist/default/production\Desafio2_LCD.X.production.cmf -z -Q18F452 \
  -oC:\Users\LUCASG~2\AppData\Local\Temp\xcAs5fo.4 --defsym=__MPLAB_BUILD=1 \
  --fixupoverflow=error \
  -Mdist/default/production/Desafio2_LCD.X.production.map \
  --md=C:\Users\LUCASG~2\AppData\Local\Temp\xcAs5fo.dat -E1 \
  -ver=XC8 Compiler --acfsm=1493 -ACODE=00h-03FFFhx2 -ACONST=00h-07FFFh \
  -ASMALLCONST=0600h-06FFhx122 -AMEDIUMCONST=0600h-07FFFh -ACOMRAM=01h-07Fh \
  -AABS1=00h-05FFh -ABIGRAM=01h-05FFh -ARAM=080h-0FFh,0100h-01FFhx5 \
  -ABANK0=080h-0FFh -ABANK1=0100h-01FFh -ABANK2=0200h-02FFh \
  -ABANK3=0300h-03FFh -ABANK4=0400h-04FFh -ABANK5=0500h-05FFh \
  -ASFR=0F80h-0FFFh -ABIGSFR=0F80h-0FFFh -ACONFIG=0300000h-030000Dh \
  -AIDLOC=0200000h-0200007h -AEEDATA=0F00000h-0F000FFh -peeprom_data=EEDATA \
  -preset_vec=00h,intcode,intcodelo,powerup,init -pramtop=0600h \
  -psmallconst=SMALLCONST -pmediumconst=MEDIUMCONST -pconst=CONST \
  -AFARRAM=00h-00h \
  -prdata=COMRAM,nvrram=COMRAM,nvbit=COMRAM,rbss=COMRAM,rbit=COMRAM \
  -pfarbss=FARRAM,fardata=FARRAM,nvFARRAM=FARRAM \
  -pintsave_regs=BIGRAM,bigbss=BIGRAM,bigdata=BIGRAM -pbss=RAM \
  -pidata=CODE,irdata=CODE,ibigdata=CODE,ifardata=CODE -prparam=COMRAM \
  C:\Users\LUCASG~2\AppData\Local\Temp\xcAs5fo.o \
  dist/default/production\Desafio2_LCD.X.production.o 

Object code version is 3.11

Machine type is 18F452



                Name                               Link     Load   Length Selector   Space Scale
C:\Users\LUCASG~2\AppData\Local\Temp\xcAs5fo.o
                idloc                            200000   200000        8        0       5
                config                           300000   300000        E        0       4
                text                               117E     117E        2      8B8       0
                init                                  2        2        4        0       0
                reset_vec                             0        0        2        0       0
dist/default/production\Desafio2_LCD.X.production.o
                idloc                            200000   200000        8        0       5
                config                           300000   300000        E        0       4
                smallconst                          600      600       52      300       0
                text17                              A16      A16      16C      329       0
                text16                              CE8      CE8       AC      329       0
                text15                              8AA      8AA      16C      329       0
                text14                              C3A      C3A       AE      329       0
                text13                              D94      D94       90      329       0
                text12                              F60      F60       5C      329       0
                text11                             110E     110E       2A      329       0
                text10                              EFC      EFC       64      329       0
                text9                              1054     1054       48      329       0
                text8                               E90      E90       6C      329       0
                text7                              109C     109C       3C      329       0
                text6                               B82      B82       B8      329       0
                text5                              1170     1170        E      8B8       0
                text4                              1138     1138       1E      329       0
                text3                               E24      E24       6C      329       0
                text2                              1008     1008       4C      329       0
                text1                               FBC      FBC       4C      329       0
                text0                               652      652      258      329       0
                cstackCOMRAM                          1        1       26        1       1
                dataCOMRAM                           4C       4C       19        1       1
                bssCOMRAM                            27       27       25        1       1
                cinit                              10D8     10D8       36      329       0
                idataCOMRAM                        1156     1156       19      329       0

TOTAL           Name                               Link     Load   Length     Space
        CLASS   CODE           
                text                               117E     117E        2         0
                init                                  2        2        4         0
                reset_vec                             0        0        2         0
                text17                              A16      A16      16C         0
                text16                              CE8      CE8       AC         0
                text15                              8AA      8AA      16C         0
                text14                              C3A      C3A       AE         0
                text13                              D94      D94       90         0
                text12                              F60      F60       5C         0
                text11                             110E     110E       2A         0
                text10                              EFC      EFC       64         0
                text9                              1054     1054       48         0
                text8                               E90      E90       6C         0
                text7                              109C     109C       3C         0
                text6                               B82      B82       B8         0
                text5                              1170     1170        E         0
                text4                              1138     1138       1E         0
                text3                               E24      E24       6C         0
                text2                              1008     1008       4C         0
                text1                               FBC      FBC       4C         0
                text0                               652      652      258         0
                cinit                              10D8     10D8       36         0
                idataCOMRAM                        1156     1156       19         0

        CLASS   CONST          

        CLASS   SMALLCONST     
                smallconst                          600      600       52         0

        CLASS   MEDIUMCONST    

        CLASS   COMRAM         
                cstackCOMRAM                          1        1       26         1
                dataCOMRAM                           4C       4C       19         1
                bssCOMRAM                            27       27       25         1

        CLASS   ABS1           

        CLASS   BIGRAM         

        CLASS   RAM            

        CLASS   BANK0          

        CLASS   BANK1          

        CLASS   BANK2          

        CLASS   BANK3          

        CLASS   BANK4          

        CLASS   BANK5          

        CLASS   SFR            

        CLASS   BIGSFR         

        CLASS   CONFIG         
                config                           300000   300000        E         4

        CLASS   IDLOC          
                idloc                            200000   200000        8         5

        CLASS   EEDATA         

        CLASS   FARRAM         

        CLASS   HEAP           

        CLASS   STACK          



SEGMENTS        Name                           Load    Length   Top    Selector   Space  Class

                reset_vec                      000000  000006  000006         0       0  CODE    
                cstackCOMRAM                   000001  000064  000065         1       1  COMRAM  
                smallconst                     000600  000052  000652       300       0  SMALLCON
                text0                          000652  000B1D  00116F       329       0  CODE    
                text5                          001170  000010  001180       8B8       0  CODE    


UNUSED ADDRESS RANGES

        Name                Unused          Largest block    Delta
        BANK0            000080-0000FF               80
        BANK1            000100-0001FF              100
        BANK2            000200-0002FF              100
        BANK3            000300-0003FF              100
        BANK4            000400-0004FF              100
        BANK5            000500-0005FF              100
        BIGRAM           000065-0005FF              59B
        BIGSFR           000F80-000FFF               80
        CODE             000006-0005FF              5FA
                         00116F-00116F                1
                         001180-007FFF             2E80
        COMRAM           000065-00007F               1B
        CONST            000006-0005FF              5FA
                         00116F-00116F                1
                         001180-007FFF             6E80
        EEDATA           F00000-F000FF              100
        MEDIUMCONST      00116F-00116F                1
                         001180-007FFF             6E80
        RAM              000080-0005FF              100
        SFR              000F80-000FFF               80
        SMALLCONST       00116F-00116F                1
                         001180-007FFF              100

                                  Symbol Table

?_printf                                                           cstackCOMRAM 00001A
?_vfprintf                                                         cstackCOMRAM 000012
Cursor_Select@line                                                 cstackCOMRAM 00001E
Cursor_Select@state                                                dataCOMRAM   000064
LCD_Instruction@instruction                                        cstackCOMRAM 000002
LCD_Move_Cursor@column                                             cstackCOMRAM 000003
LCD_Move_Cursor@line                                               cstackCOMRAM 000006
LCD_Set_Latin_Char@F2508                                           dataCOMRAM   00005C
LCD_Set_Latin_Char@F2510                                           dataCOMRAM   000054
LCD_Set_Latin_Char@F2512                                           dataCOMRAM   00004C
LCD_Set_Latin_Char@a_agudo                                         cstackCOMRAM 000017
LCD_Set_Latin_Char@a_til                                           cstackCOMRAM 00000F
LCD_Set_Latin_Char@c_cedilha                                       cstackCOMRAM 000007
LCD_Set_New_Simbol@i                                               cstackCOMRAM 000006
LCD_Set_New_Simbol@simbol                                          cstackCOMRAM 000003
LCD_Set_New_Simbol@simbol_address                                  cstackCOMRAM 000005
_CCP1CON                                                           (abs)        000FBD
_CCP2CON                                                           (abs)        000FBA
_Cursor_Select                                                     text10       000EFC
_INTCON2bits                                                       (abs)        000FF1
_IO_Initializer                                                    text7        00109C
_LATA                                                              (abs)        000F89
_LATB                                                              (abs)        000F8A
_LATC                                                              (abs)        000F8B
_LATCbits                                                          (abs)        000F8B
_LATD                                                              (abs)        000F8C
_LATDbits                                                          (abs)        000F8C
_LCD_Clear_Display                                                 text4        001138
_LCD_Initializer                                                   text6        000B82
_LCD_Instruction                                                   text17       000A16
_LCD_Move_Cursor                                                   text16       000CE8
_LCD_Set_Latin_Char                                                text8        000E90
_LCD_Set_New_Simbol                                                text9        001054
_PORTA                                                             (abs)        000F80
_PORTB                                                             (abs)        000F81
_PORTBbits                                                         (abs)        000F81
_PORTC                                                             (abs)        000F82
_PORTD                                                             (abs)        000F83
_System_Initializer                                                text5        001170
_TRISA                                                             (abs)        000F92
_TRISB                                                             (abs)        000F93
_TRISC                                                             (abs)        000F94
_TRISD                                                             (abs)        000F95
_Tela_Menu                                                         text3        000E24
_Tela_Option_1                                                     text2        001008
_Tela_Option_2                                                     text1        000FBC
__HRAM                                                             (abs)        000000
__Habs1                                                            abs1         000000
__Hbank0                                                           bank0        000000
__Hbank1                                                           bank1        000000
__Hbank2                                                           bank2        000000
__Hbank3                                                           bank3        000000
__Hbank4                                                           bank4        000000
__Hbank5                                                           bank5        000000
__Hbigbss                                                          bigbss       000000
__Hbigdata                                                         bigdata      000000
__Hbigram                                                          bigram       000000
__Hbigsfr                                                          bigsfr       000000
__Hbss                                                             bss          000000
__HbssCOMRAM                                                       bssCOMRAM    000000
__Hcinit                                                           cinit        000000
__Hclrtext                                                         clrtext      000000
__Hcomram                                                          comram       000000
__Hconfig                                                          config       30000E
__Hconst                                                           const        000000
__HcstackCOMRAM                                                    cstackCOMRAM 000000
__Hdata                                                            data         000000
__HdataCOMRAM                                                      dataCOMRAM   000000
__Heeprom_data                                                     eeprom_data  000000
__Hfarbss                                                          farbss       000000
__Hfardata                                                         fardata      000000
__Hheap                                                            heap         000000
__Hibigdata                                                        ibigdata     000000
__Hidata                                                           idata        000000
__HidataCOMRAM                                                     idataCOMRAM  000000
__Hidloc                                                           idloc        200008
__Hifardata                                                        ifardata     000000
__Hinit                                                            init         000006
__Hintcode                                                         intcode      000002
__Hintcode_body                                                    intcode_body 000000
__Hintcodelo                                                       intcodelo    000002
__Hintentry                                                        intentry     000000
__Hintret                                                          intret       000000
__Hintsave_regs                                                    intsave_regs 000000
__Hirdata                                                          irdata       000000
__Hmediumconst                                                     mediumconst  000000
__HnvFARRAM                                                        nvFARRAM     000000
__Hnvbit                                                           nvbit        000000
__Hnvrram                                                          nvrram       000000
__Hparam                                                           rparam       000000
__Hpowerup                                                         powerup      000002
__Hram                                                             ram          000000
__Hramtop                                                          ramtop       000600
__Hrbit                                                            rbit         000000
__Hrbss                                                            rbss         000000
__Hrdata                                                           rdata        000000
__Hreset_vec                                                       reset_vec    000002
__Hrparam                                                          rparam       000000
__Hsfr                                                             sfr          000000
__Hsmallconst                                                      smallconst   000652
__Hspace_0                                                         (abs)        001180
__Hspace_1                                                         (abs)        000065
__Hspace_2                                                         (abs)        000000
__Hspace_4                                                         (abs)        60000E
__Hstack                                                           stack        000000
__Hstruct                                                          struct       000000
__Htemp                                                            temp         000000
__Htext                                                            text         000000
__Htext0                                                           text0        000000
__Htext1                                                           text1        000000
__Htext10                                                          text10       000000
__Htext11                                                          text11       000000
__Htext12                                                          text12       000000
__Htext13                                                          text13       000000
__Htext14                                                          text14       000000
__Htext15                                                          text15       000000
__Htext16                                                          text16       000000
__Htext17                                                          text17       000000
__Htext2                                                           text2        000000
__Htext3                                                           text3        000000
__Htext4                                                           text4        000000
__Htext5                                                           text5        000000
__Htext6                                                           text6        000000
__Htext7                                                           text7        000000
__Htext8                                                           text8        000000
__Htext9                                                           text9        000000
__LRAM                                                             (abs)        000001
__Labs1                                                            abs1         000000
__Lbank0                                                           bank0        000000
__Lbank1                                                           bank1        000000
__Lbank2                                                           bank2        000000
__Lbank3                                                           bank3        000000
__Lbank4                                                           bank4        000000
__Lbank5                                                           bank5        000000
__Lbigbss                                                          bigbss       000000
__Lbigdata                                                         bigdata      000000
__Lbigram                                                          bigram       000000
__Lbigsfr                                                          bigsfr       000000
__Lbss                                                             bss          000000
__LbssCOMRAM                                                       bssCOMRAM    000000
__Lcinit                                                           cinit        000000
__Lclrtext                                                         clrtext      000000
__Lcomram                                                          comram       000000
__Lconfig                                                          config       000000
__Lconst                                                           const        000000
__LcstackCOMRAM                                                    cstackCOMRAM 000000
__Ldata                                                            data         000000
__LdataCOMRAM                                                      dataCOMRAM   000000
__Leeprom_data                                                     eeprom_data  000000
__Lfarbss                                                          farbss       000000
__Lfardata                                                         fardata      000000
__Lheap                                                            heap         000000
__Libigdata                                                        ibigdata     000000
__Lidata                                                           idata        000000
__LidataCOMRAM                                                     idataCOMRAM  000000
__Lidloc                                                           idloc        000000
__Lifardata                                                        ifardata     000000
__Linit                                                            init         000002
__Lintcode                                                         intcode      000002
__Lintcode_body                                                    intcode_body 000000
__Lintcodelo                                                       intcodelo    000002
__Lintentry                                                        intentry     000000
__Lintret                                                          intret       000000
__Lintsave_regs                                                    intsave_regs 000000
__Lirdata                                                          irdata       000000
__Lmediumconst                                                     mediumconst  000000
__LnvFARRAM                                                        nvFARRAM     000000
__Lnvbit                                                           nvbit        000000
__Lnvrram                                                          nvrram       000000
__Lparam                                                           rparam       000000
__Lpowerup                                                         powerup      000002
__Lram                                                             ram          000000
__Lramtop                                                          ramtop       000600
__Lrbit                                                            rbit         000000
__Lrbss                                                            rbss         000000
__Lrdata                                                           rdata        000000
__Lreset_vec                                                       reset_vec    000000
__Lrparam                                                          rparam       000000
__Lsfr                                                             sfr          000000
__Lsmallconst                                                      smallconst   000600
__Lspace_0                                                         (abs)        000000
__Lspace_1                                                         (abs)        000000
__Lspace_2                                                         (abs)        000000
__Lspace_4                                                         (abs)        000000
__Lstack                                                           stack        000000
__Lstruct                                                          struct       000000
__Ltemp                                                            temp         000000
__Ltext                                                            text         000000
__Ltext0                                                           text0        000000
__Ltext1                                                           text1        000000
__Ltext10                                                          text10       000000
__Ltext11                                                          text11       000000
__Ltext12                                                          text12       000000
__Ltext13                                                          text13       000000
__Ltext14                                                          text14       000000
__Ltext15                                                          text15       000000
__Ltext16                                                          text16       000000
__Ltext17                                                          text17       000000
__Ltext2                                                           text2        000000
__Ltext3                                                           text3        000000
__Ltext4                                                           text4        000000
__Ltext5                                                           text5        000000
__Ltext6                                                           text6        000000
__Ltext7                                                           text7        000000
__Ltext8                                                           text8        000000
__Ltext9                                                           text9        000000
__S0                                                               (abs)        001180
__S1                                                               (abs)        000065
__S4                                                               (abs)        000000
__S5                                                               (abs)        000000
___heap_hi                                                         (abs)        000000
___heap_lo                                                         (abs)        000000
___inthi_sp                                                        stack        000000
___intlo_sp                                                        stack        000000
___param_bank                                                      (abs)        000000
___rparam_used                                                     (abs)        000001
___sp                                                              stack        000000
__accesstop                                                        (abs)        000080
__activetblptr                                                     (abs)        000002
__cntErrataNOP_C:\Users\LUCASG~2\AppData\Local\Temp\xcAs5fo.o      (abs)        000001
__cntErrataNOP_dist/default/production\Desafio2_LCD.X.production.o (abs)        0000B0
__end_of_Cursor_Select                                             text10       000F60
__end_of_IO_Initializer                                            text7        0010D8
__end_of_LCD_Clear_Display                                         text4        001156
__end_of_LCD_Initializer                                           text6        000C3A
__end_of_LCD_Instruction                                           text17       000B82
__end_of_LCD_Move_Cursor                                           text16       000D94
__end_of_LCD_Set_Latin_Char                                        text8        000EFC
__end_of_LCD_Set_New_Simbol                                        text9        00109C
__end_of_System_Initializer                                        text5        00117E
__end_of_Tela_Menu                                                 text3        000E90
__end_of_Tela_Option_1                                             text2        001054
__end_of_Tela_Option_2                                             text1        001008
__end_of__initialization                                           cinit        001104
__end_of_fputc                                                     text14       000CE8
__end_of_main                                                      text0        0008AA
__end_of_printf                                                    text11       001138
__end_of_putch                                                     text15       000A16
__end_of_vfpfcnvrt                                                 text13       000E24
__end_of_vfprintf                                                  text12       000FBC
__initialization                                                   cinit        0010D8
__mediumconst                                                      mediumconst  000000
__pbssCOMRAM                                                       bssCOMRAM    000027
__pcinit                                                           cinit        0010D8
__pcstackCOMRAM                                                    cstackCOMRAM 000001
__pdataCOMRAM                                                      dataCOMRAM   00004C
__pidataCOMRAM                                                     idataCOMRAM  001156
__psmallconst                                                      smallconst   000600
__ptext0                                                           text0        000652
__ptext1                                                           text1        000FBC
__ptext10                                                          text10       000EFC
__ptext11                                                          text11       00110E
__ptext12                                                          text12       000F60
__ptext13                                                          text13       000D94
__ptext14                                                          text14       000C3A
__ptext15                                                          text15       0008AA
__ptext16                                                          text16       000CE8
__ptext17                                                          text17       000A16
__ptext2                                                           text2        001008
__ptext3                                                           text3        000E24
__ptext4                                                           text4        001138
__ptext5                                                           text5        001170
__ptext6                                                           text6        000B82
__ptext7                                                           text7        00109C
__ptext8                                                           text8        000E90
__ptext9                                                           text9        001054
__ramtop                                                           ramtop       000600
__smallconst                                                       smallconst   000600
_flags                                                             bssCOMRAM    00004B
_fputc                                                             text14       000C3A
_main                                                              text0        000652
_prec                                                              bssCOMRAM    000049
_printf                                                            text11       00110E
_putch                                                             text15       0008AA
_vfpfcnvrt                                                         text13       000D94
_vfprintf                                                          text12       000F60
_width                                                             bssCOMRAM    000047
end_of_initialization                                              cinit        001104
fputc@c                                                            cstackCOMRAM 000003
fputc@fp                                                           cstackCOMRAM 000005
intlevel0                                                          text         00117E
intlevel1                                                          text         00117E
intlevel2                                                          text         00117E
intlevel3                                                          text         00117E
isa$std                                                            (abs)        000001
isa$xinst                                                          (abs)        000000
main@flag_ENTER_MENU                                               cstackCOMRAM 000021
main@flag_ENTER_MENU_state                                         cstackCOMRAM 000025
main@flag_RETORNA_MENU                                             cstackCOMRAM 000022
main@flag_RETORNA_MENU_state                                       cstackCOMRAM 000023
main@flag_SELECIONA_MENU                                           cstackCOMRAM 000020
main@flag_SELECIONA_MENU_state                                     cstackCOMRAM 000024
main@flag_STATE_MENU                                               cstackCOMRAM 000026
printf@ap                                                          cstackCOMRAM 00001C
printf@fmt                                                         cstackCOMRAM 00001A
putch@data                                                         cstackCOMRAM 000002
stackhi                                                            (abs)        000000
stacklo                                                            (abs)        000000
start                                                              init         000002
start_initialization                                               cinit        0010D8
vfpfcnvrt@ap                                                       cstackCOMRAM 000010
vfpfcnvrt@fmt                                                      cstackCOMRAM 00000E
vfpfcnvrt@fp                                                       cstackCOMRAM 00000C
vfprintf@ap                                                        cstackCOMRAM 000016
vfprintf@cfmt                                                      cstackCOMRAM 000018
vfprintf@fmt                                                       cstackCOMRAM 000014
vfprintf@fp                                                        cstackCOMRAM 000012


MODULE INFORMATION

Module		Function		Class		Link	Load	Size
C:\Program Files\Microchip\xc8\v2.40\pic\sources\c99\common\nf_fputc.c
		_fputc         		CODE           	0C3A	0000	174

C:\Program Files\Microchip\xc8\v2.40\pic\sources\c99\common\nf_fputc.c estimated size: 174

C:\Program Files\Microchip\xc8\v2.40\pic\sources\c99\common\printf.c
		_printf        		CODE           	110E	0000	42

C:\Program Files\Microchip\xc8\v2.40\pic\sources\c99\common\printf.c estimated size: 42

screen.c
		_Tela_Menu     		CODE           	0E24	0000	108
		_Tela_Option_1 		CODE           	1008	0000	76
		_Tela_Option_2 		CODE           	0FBC	0000	76
		_Cursor_Select 		CODE           	0EFC	0000	100

screen.c estimated size: 360

shared
		__initialization		CODE           	10D8	0000	44

shared estimated size: 44

C:\Program Files\Microchip\xc8\v2.40\pic\sources\c99\common\doprnt.c
		_vfpfcnvrt     		CODE           	0D94	0000	144
		_vfprintf      		CODE           	0F60	0000	92

C:\Program Files\Microchip\xc8\v2.40\pic\sources\c99\common\doprnt.c estimated size: 236

main.c
		_main          		CODE           	0652	0000	600

main.c estimated size: 600

system.c
		_IO_Initializer		CODE           	109C	0000	60
		_System_Initializer		CODE           	1170	0000	14

system.c estimated size: 74

lcd_4bit_Mode.c
		_putch         		CODE           	08AA	0000	364
		_LCD_Instruction		CODE           	0A16	0000	364
		_LCD_Move_Cursor		CODE           	0CE8	0000	172
		_LCD_Initializer		CODE           	0B82	0000	184
		_LCD_Set_Latin_Char		CODE           	0E90	0000	108
		_LCD_Set_New_Simbol		CODE           	1054	0000	72
		_LCD_Clear_Display		CODE           	1138	0000	30

lcd_4bit_Mode.c estimated size: 1294

